// Jest Snapshot v1, https://goo.gl/fbAQLP

exports[`Pruebas en el EntryView debe mostrar la entrada correctamente 1`] = `
<div class="entry-title d-flex justifi-content-between p-2">
  <div><span class="text-success fs-3 fw-bold">6</span><span class="mx-1 fs-3">Septiembre</span><span class="mx-2 fs-4 fw-light">2021, Jueves </span></div>
  <div><input type="file" accept="image/png, image/jpeg" style="display: none;"><button class="btn btn-danger mx-2"> Borrar <i class="fa fa-trash-alt"></i></button><button class="btn btn-primary"> Subir foto <i class="fa fa-upload"></i></button></div>
</div>
<hr>
<div class="d-flex flex-column px-3 h-75"><textarea placeholder="Â¿Que sucedio hoy?"></textarea></div><img src="https://res.cloudinary.com/dg4dflmtg/image/upload/v1630783121/wezqsrgrvssaiziswxcx.png" alt="entry picture" class="img-thumbnail">
<!--v-if-->
<fab-stub icon="fa-save"></fab-stub>
`;
